[binary] cosine eigendecomposition
[binary__adaptive_common_mode_01] adaptive diffusion current TBS
/Users/berksakalli/Projects/kl-te-cluster/scripts/analysis/run_current_adaptive_diffusion_subspace_tree_experiment.py:591: UserWarning: This figure includes Axes that are not compatible with tight_layout, so results might be incorrect.
  fig.tight_layout()
/Users/berksakalli/Projects/kl-te-cluster/.venv/lib/python3.11/site-packages/sklearn/manifold/_mds.py:677: FutureWarning: The default value of `n_init` will change from 4 to 1 in 1.9.
  warnings.warn(
/Users/berksakalli/Projects/kl-te-cluster/.venv/lib/python3.11/site-packages/sklearn/manifold/_mds.py:677: FutureWarning: The default value of `n_init` will change from 4 to 1 in 1.9.
  warnings.warn(
[binary__adaptive_modes_02_05] adaptive diffusion current TBS
/Users/berksakalli/Projects/kl-te-cluster/.venv/lib/python3.11/site-packages/umap/umap_.py:1952: UserWarning: n_jobs value 1 overridden to 1 by setting random_state. Use no seed for parallelism.
  warn(
/Users/berksakalli/Projects/kl-te-cluster/scripts/analysis/run_current_adaptive_diffusion_subspace_tree_experiment.py:591: UserWarning: This figure includes Axes that are not compatible with tight_layout, so results might be incorrect.
  fig.tight_layout()
/Users/berksakalli/Projects/kl-te-cluster/.venv/lib/python3.11/site-packages/umap/umap_.py:1952: UserWarning: n_jobs value 1 overridden to 1 by setting random_state. Use no seed for parallelism.
  warn(
/Users/berksakalli/Projects/kl-te-cluster/.venv/lib/python3.11/site-packages/umap/umap_.py:1952: UserWarning: n_jobs value 1 overridden to 1 by setting random_state. Use no seed for parallelism.
  warn(
/Users/berksakalli/Projects/kl-te-cluster/.venv/lib/python3.11/site-packages/sklearn/manifold/_mds.py:677: FutureWarning: The default value of `n_init` will change from 4 to 1 in 1.9.
  warnings.warn(
/Users/berksakalli/Projects/kl-te-cluster/.venv/lib/python3.11/site-packages/sklearn/manifold/_mds.py:677: FutureWarning: The default value of `n_init` will change from 4 to 1 in 1.9.
  warnings.warn(
[binary__adaptive_modes_06_09] adaptive diffusion current TBS
/Users/berksakalli/Projects/kl-te-cluster/.venv/lib/python3.11/site-packages/umap/umap_.py:1952: UserWarning: n_jobs value 1 overridden to 1 by setting random_state. Use no seed for parallelism.
  warn(
/Users/berksakalli/Projects/kl-te-cluster/scripts/analysis/run_current_adaptive_diffusion_subspace_tree_experiment.py:591: UserWarning: This figure includes Axes that are not compatible with tight_layout, so results might be incorrect.
  fig.tight_layout()
/Users/berksakalli/Projects/kl-te-cluster/.venv/lib/python3.11/site-packages/umap/umap_.py:1952: UserWarning: n_jobs value 1 overridden to 1 by setting random_state. Use no seed for parallelism.
  warn(
/Users/berksakalli/Projects/kl-te-cluster/.venv/lib/python3.11/site-packages/umap/umap_.py:1952: UserWarning: n_jobs value 1 overridden to 1 by setting random_state. Use no seed for parallelism.
  warn(
/Users/berksakalli/Projects/kl-te-cluster/.venv/lib/python3.11/site-packages/sklearn/manifold/_mds.py:677: FutureWarning: The default value of `n_init` will change from 4 to 1 in 1.9.
  warnings.warn(
/Users/berksakalli/Projects/kl-te-cluster/.venv/lib/python3.11/site-packages/sklearn/manifold/_mds.py:677: FutureWarning: The default value of `n_init` will change from 4 to 1 in 1.9.
  warnings.warn(
[binary__adaptive_modes_10_21] adaptive diffusion current TBS
/Users/berksakalli/Projects/kl-te-cluster/.venv/lib/python3.11/site-packages/umap/umap_.py:1952: UserWarning: n_jobs value 1 overridden to 1 by setting random_state. Use no seed for parallelism.
  warn(
/Users/berksakalli/Projects/kl-te-cluster/scripts/analysis/run_current_adaptive_diffusion_subspace_tree_experiment.py:591: UserWarning: This figure includes Axes that are not compatible with tight_layout, so results might be incorrect.
  fig.tight_layout()
/Users/berksakalli/Projects/kl-te-cluster/.venv/lib/python3.11/site-packages/umap/umap_.py:1952: UserWarning: n_jobs value 1 overridden to 1 by setting random_state. Use no seed for parallelism.
  warn(
/Users/berksakalli/Projects/kl-te-cluster/.venv/lib/python3.11/site-packages/umap/umap_.py:1952: UserWarning: n_jobs value 1 overridden to 1 by setting random_state. Use no seed for parallelism.
  warn(
/Users/berksakalli/Projects/kl-te-cluster/.venv/lib/python3.11/site-packages/sklearn/manifold/_mds.py:677: FutureWarning: The default value of `n_init` will change from 4 to 1 in 1.9.
  warnings.warn(
/Users/berksakalli/Projects/kl-te-cluster/.venv/lib/python3.11/site-packages/sklearn/manifold/_mds.py:677: FutureWarning: The default value of `n_init` will change from 4 to 1 in 1.9.
  warnings.warn(
[binary__adaptive_modes_22_51] adaptive diffusion current TBS
/Users/berksakalli/Projects/kl-te-cluster/.venv/lib/python3.11/site-packages/umap/umap_.py:1952: UserWarning: n_jobs value 1 overridden to 1 by setting random_state. Use no seed for parallelism.
  warn(
/Users/berksakalli/Projects/kl-te-cluster/scripts/analysis/run_current_adaptive_diffusion_subspace_tree_experiment.py:591: UserWarning: This figure includes Axes that are not compatible with tight_layout, so results might be incorrect.
  fig.tight_layout()
/Users/berksakalli/Projects/kl-te-cluster/.venv/lib/python3.11/site-packages/umap/umap_.py:1952: UserWarning: n_jobs value 1 overridden to 1 by setting random_state. Use no seed for parallelism.
  warn(
/Users/berksakalli/Projects/kl-te-cluster/.venv/lib/python3.11/site-packages/umap/umap_.py:1952: UserWarning: n_jobs value 1 overridden to 1 by setting random_state. Use no seed for parallelism.
  warn(
/Users/berksakalli/Projects/kl-te-cluster/.venv/lib/python3.11/site-packages/sklearn/manifold/_mds.py:677: FutureWarning: The default value of `n_init` will change from 4 to 1 in 1.9.
  warnings.warn(
/Users/berksakalli/Projects/kl-te-cluster/.venv/lib/python3.11/site-packages/sklearn/manifold/_mds.py:677: FutureWarning: The default value of `n_init` will change from 4 to 1 in 1.9.
  warnings.warn(
[binary__adaptive_modes_52_80] adaptive diffusion current TBS
/Users/berksakalli/Projects/kl-te-cluster/.venv/lib/python3.11/site-packages/umap/umap_.py:1952: UserWarning: n_jobs value 1 overridden to 1 by setting random_state. Use no seed for parallelism.
  warn(
/Users/berksakalli/Projects/kl-te-cluster/scripts/analysis/run_current_adaptive_diffusion_subspace_tree_experiment.py:591: UserWarning: This figure includes Axes that are not compatible with tight_layout, so results might be incorrect.
  fig.tight_layout()
/Users/berksakalli/Projects/kl-te-cluster/.venv/lib/python3.11/site-packages/umap/umap_.py:1952: UserWarning: n_jobs value 1 overridden to 1 by setting random_state. Use no seed for parallelism.
  warn(
/Users/berksakalli/Projects/kl-te-cluster/.venv/lib/python3.11/site-packages/umap/umap_.py:1952: UserWarning: n_jobs value 1 overridden to 1 by setting random_state. Use no seed for parallelism.
  warn(
/Users/berksakalli/Projects/kl-te-cluster/.venv/lib/python3.11/site-packages/sklearn/manifold/_mds.py:677: FutureWarning: The default value of `n_init` will change from 4 to 1 in 1.9.
  warnings.warn(
/Users/berksakalli/Projects/kl-te-cluster/.venv/lib/python3.11/site-packages/sklearn/manifold/_mds.py:677: FutureWarning: The default value of `n_init` will change from 4 to 1 in 1.9.
  warnings.warn(
[tfidf] cosine eigendecomposition
[tfidf__adaptive_common_mode_01] adaptive diffusion current TBS
/Users/berksakalli/Projects/kl-te-cluster/scripts/analysis/run_current_adaptive_diffusion_subspace_tree_experiment.py:591: UserWarning: This figure includes Axes that are not compatible with tight_layout, so results might be incorrect.
  fig.tight_layout()
/Users/berksakalli/Projects/kl-te-cluster/.venv/lib/python3.11/site-packages/sklearn/manifold/_mds.py:677: FutureWarning: The default value of `n_init` will change from 4 to 1 in 1.9.
  warnings.warn(
/Users/berksakalli/Projects/kl-te-cluster/.venv/lib/python3.11/site-packages/sklearn/manifold/_mds.py:677: FutureWarning: The default value of `n_init` will change from 4 to 1 in 1.9.
  warnings.warn(
[tfidf__adaptive_modes_02_05] adaptive diffusion current TBS
/Users/berksakalli/Projects/kl-te-cluster/.venv/lib/python3.11/site-packages/umap/umap_.py:1952: UserWarning: n_jobs value 1 overridden to 1 by setting random_state. Use no seed for parallelism.
  warn(
/Users/berksakalli/Projects/kl-te-cluster/scripts/analysis/run_current_adaptive_diffusion_subspace_tree_experiment.py:591: UserWarning: This figure includes Axes that are not compatible with tight_layout, so results might be incorrect.
  fig.tight_layout()
/Users/berksakalli/Projects/kl-te-cluster/.venv/lib/python3.11/site-packages/umap/umap_.py:1952: UserWarning: n_jobs value 1 overridden to 1 by setting random_state. Use no seed for parallelism.
  warn(
/Users/berksakalli/Projects/kl-te-cluster/.venv/lib/python3.11/site-packages/umap/umap_.py:1952: UserWarning: n_jobs value 1 overridden to 1 by setting random_state. Use no seed for parallelism.
  warn(
/Users/berksakalli/Projects/kl-te-cluster/.venv/lib/python3.11/site-packages/sklearn/manifold/_mds.py:677: FutureWarning: The default value of `n_init` will change from 4 to 1 in 1.9.
  warnings.warn(
/Users/berksakalli/Projects/kl-te-cluster/.venv/lib/python3.11/site-packages/sklearn/manifold/_mds.py:677: FutureWarning: The default value of `n_init` will change from 4 to 1 in 1.9.
  warnings.warn(
[tfidf__adaptive_modes_06_10] adaptive diffusion current TBS
/Users/berksakalli/Projects/kl-te-cluster/.venv/lib/python3.11/site-packages/umap/umap_.py:1952: UserWarning: n_jobs value 1 overridden to 1 by setting random_state. Use no seed for parallelism.
  warn(
/Users/berksakalli/Projects/kl-te-cluster/scripts/analysis/run_current_adaptive_diffusion_subspace_tree_experiment.py:591: UserWarning: This figure includes Axes that are not compatible with tight_layout, so results might be incorrect.
  fig.tight_layout()
/Users/berksakalli/Projects/kl-te-cluster/.venv/lib/python3.11/site-packages/umap/umap_.py:1952: UserWarning: n_jobs value 1 overridden to 1 by setting random_state. Use no seed for parallelism.
  warn(
/Users/berksakalli/Projects/kl-te-cluster/.venv/lib/python3.11/site-packages/umap/umap_.py:1952: UserWarning: n_jobs value 1 overridden to 1 by setting random_state. Use no seed for parallelism.
  warn(
/Users/berksakalli/Projects/kl-te-cluster/.venv/lib/python3.11/site-packages/sklearn/manifold/_mds.py:677: FutureWarning: The default value of `n_init` will change from 4 to 1 in 1.9.
  warnings.warn(
/Users/berksakalli/Projects/kl-te-cluster/.venv/lib/python3.11/site-packages/sklearn/manifold/_mds.py:677: FutureWarning: The default value of `n_init` will change from 4 to 1 in 1.9.
  warnings.warn(
[tfidf__adaptive_modes_11_21] adaptive diffusion current TBS
/Users/berksakalli/Projects/kl-te-cluster/.venv/lib/python3.11/site-packages/umap/umap_.py:1952: UserWarning: n_jobs value 1 overridden to 1 by setting random_state. Use no seed for parallelism.
  warn(
/Users/berksakalli/Projects/kl-te-cluster/scripts/analysis/run_current_adaptive_diffusion_subspace_tree_experiment.py:591: UserWarning: This figure includes Axes that are not compatible with tight_layout, so results might be incorrect.
  fig.tight_layout()
/Users/berksakalli/Projects/kl-te-cluster/.venv/lib/python3.11/site-packages/umap/umap_.py:1952: UserWarning: n_jobs value 1 overridden to 1 by setting random_state. Use no seed for parallelism.
  warn(
/Users/berksakalli/Projects/kl-te-cluster/.venv/lib/python3.11/site-packages/umap/umap_.py:1952: UserWarning: n_jobs value 1 overridden to 1 by setting random_state. Use no seed for parallelism.
  warn(
/Users/berksakalli/Projects/kl-te-cluster/.venv/lib/python3.11/site-packages/sklearn/manifold/_mds.py:677: FutureWarning: The default value of `n_init` will change from 4 to 1 in 1.9.
  warnings.warn(
/Users/berksakalli/Projects/kl-te-cluster/.venv/lib/python3.11/site-packages/sklearn/manifold/_mds.py:677: FutureWarning: The default value of `n_init` will change from 4 to 1 in 1.9.
  warnings.warn(
[tfidf__adaptive_modes_22_62] adaptive diffusion current TBS
/Users/berksakalli/Projects/kl-te-cluster/.venv/lib/python3.11/site-packages/umap/umap_.py:1952: UserWarning: n_jobs value 1 overridden to 1 by setting random_state. Use no seed for parallelism.
  warn(
/Users/berksakalli/Projects/kl-te-cluster/scripts/analysis/run_current_adaptive_diffusion_subspace_tree_experiment.py:591: UserWarning: This figure includes Axes that are not compatible with tight_layout, so results might be incorrect.
  fig.tight_layout()
/Users/berksakalli/Projects/kl-te-cluster/.venv/lib/python3.11/site-packages/umap/umap_.py:1952: UserWarning: n_jobs value 1 overridden to 1 by setting random_state. Use no seed for parallelism.
  warn(
/Users/berksakalli/Projects/kl-te-cluster/.venv/lib/python3.11/site-packages/umap/umap_.py:1952: UserWarning: n_jobs value 1 overridden to 1 by setting random_state. Use no seed for parallelism.
  warn(
/Users/berksakalli/Projects/kl-te-cluster/.venv/lib/python3.11/site-packages/sklearn/manifold/_mds.py:677: FutureWarning: The default value of `n_init` will change from 4 to 1 in 1.9.
  warnings.warn(
/Users/berksakalli/Projects/kl-te-cluster/.venv/lib/python3.11/site-packages/sklearn/manifold/_mds.py:677: FutureWarning: The default value of `n_init` will change from 4 to 1 in 1.9.
  warnings.warn(
[tfidf__adaptive_modes_63_80] adaptive diffusion current TBS
/Users/berksakalli/Projects/kl-te-cluster/.venv/lib/python3.11/site-packages/umap/umap_.py:1952: UserWarning: n_jobs value 1 overridden to 1 by setting random_state. Use no seed for parallelism.
  warn(
/Users/berksakalli/Projects/kl-te-cluster/scripts/analysis/run_current_adaptive_diffusion_subspace_tree_experiment.py:591: UserWarning: This figure includes Axes that are not compatible with tight_layout, so results might be incorrect.
  fig.tight_layout()
/Users/berksakalli/Projects/kl-te-cluster/.venv/lib/python3.11/site-packages/umap/umap_.py:1952: UserWarning: n_jobs value 1 overridden to 1 by setting random_state. Use no seed for parallelism.
  warn(
/Users/berksakalli/Projects/kl-te-cluster/.venv/lib/python3.11/site-packages/umap/umap_.py:1952: UserWarning: n_jobs value 1 overridden to 1 by setting random_state. Use no seed for parallelism.
  warn(
/Users/berksakalli/Projects/kl-te-cluster/.venv/lib/python3.11/site-packages/sklearn/manifold/_mds.py:677: FutureWarning: The default value of `n_init` will change from 4 to 1 in 1.9.
  warnings.warn(
/Users/berksakalli/Projects/kl-te-cluster/.venv/lib/python3.11/site-packages/sklearn/manifold/_mds.py:677: FutureWarning: The default value of `n_init` will change from 4 to 1 in 1.9.
  warnings.warn(
/Users/berksakalli/Projects/kl-te-cluster/scripts/analysis/run_current_adaptive_diffusion_subspace_tree_experiment.py:812: UserWarning: This figure includes Axes that are not compatible with tight_layout, so results might be incorrect.
  fig.tight_layout(rect=(0.0, 0.055, 1.0, 1.0))
/Users/berksakalli/Projects/kl-te-cluster/scripts/analysis/run_current_adaptive_diffusion_subspace_tree_experiment.py:812: UserWarning: This figure includes Axes that are not compatible with tight_layout, so results might be incorrect.
  fig.tight_layout(rect=(0.0, 0.055, 1.0, 1.0))
/Users/berksakalli/Projects/kl-te-cluster/scripts/analysis/run_current_adaptive_diffusion_subspace_tree_experiment.py:812: UserWarning: This figure includes Axes that are not compatible with tight_layout, so results might be incorrect.
  fig.tight_layout(rect=(0.0, 0.055, 1.0, 1.0))
/Users/berksakalli/Projects/kl-te-cluster/scripts/analysis/run_current_adaptive_diffusion_subspace_tree_experiment.py:812: UserWarning: This figure includes Axes that are not compatible with tight_layout, so results might be incorrect.
  fig.tight_layout(rect=(0.0, 0.055, 1.0, 1.0))
/Users/berksakalli/Projects/kl-te-cluster/scripts/analysis/run_current_adaptive_diffusion_subspace_tree_experiment.py:812: UserWarning: This figure includes Axes that are not compatible with tight_layout, so results might be incorrect.
  fig.tight_layout(rect=(0.0, 0.055, 1.0, 1.0))
/Users/berksakalli/Projects/kl-te-cluster/scripts/analysis/run_current_adaptive_diffusion_subspace_tree_experiment.py:812: UserWarning: This figure includes Axes that are not compatible with tight_layout, so results might be incorrect.
  fig.tight_layout(rect=(0.0, 0.055, 1.0, 1.0))
/Users/berksakalli/Projects/kl-te-cluster/scripts/analysis/run_current_adaptive_diffusion_subspace_tree_experiment.py:812: UserWarning: This figure includes Axes that are not compatible with tight_layout, so results might be incorrect.
  fig.tight_layout(rect=(0.0, 0.055, 1.0, 1.0))
/Users/berksakalli/Projects/kl-te-cluster/scripts/analysis/run_current_adaptive_diffusion_subspace_tree_experiment.py:812: UserWarning: This figure includes Axes that are not compatible with tight_layout, so results might be incorrect.
  fig.tight_layout(rect=(0.0, 0.055, 1.0, 1.0))
/Users/berksakalli/Projects/kl-te-cluster/scripts/analysis/run_current_adaptive_diffusion_subspace_tree_experiment.py:812: UserWarning: This figure includes Axes that are not compatible with tight_layout, so results might be incorrect.
  fig.tight_layout(rect=(0.0, 0.055, 1.0, 1.0))
/Users/berksakalli/Projects/kl-te-cluster/scripts/analysis/run_current_adaptive_diffusion_subspace_tree_experiment.py:812: UserWarning: This figure includes Axes that are not compatible with tight_layout, so results might be incorrect.
  fig.tight_layout(rect=(0.0, 0.055, 1.0, 1.0))
/Users/berksakalli/Projects/kl-te-cluster/scripts/analysis/run_current_adaptive_diffusion_subspace_tree_experiment.py:812: UserWarning: This figure includes Axes that are not compatible with tight_layout, so results might be incorrect.
  fig.tight_layout(rect=(0.0, 0.055, 1.0, 1.0))
/Users/berksakalli/Projects/kl-te-cluster/scripts/analysis/run_current_adaptive_diffusion_subspace_tree_experiment.py:812: UserWarning: This figure includes Axes that are not compatible with tight_layout, so results might be incorrect.
  fig.tight_layout(rect=(0.0, 0.055, 1.0, 1.0))
Wrote current adaptive diffusion subspace tree experiment: results/analyses/aml_michel_reactome_msigdb_go_annotation_pipeline_20260623_151556/10_current_adaptive_diffusion_subspace_tree
